[baskinrobbinsoc.com/index.html]
[backblue.gif]
[fade.gif]
[index.html]
[baskinrobbinsoc.com/wp-content/plugins/photo-gallery/booster/assets/css/global8a54.css]
[c0.wp.com/c/6.8/wp-includes/css/dist/block-library/style.min.css]
[baskinrobbinsoc.com/feed/index.html]
[c0.wp.com/c/6.8/wp-includes/js/mediaelement/mediaelementplayer-legacy.min.css]
[baskinrobbinsoc.com/comments/feed/index.html]
[c0.wp.com/c/6.8/wp-includes/js/mediaelement/wp-mediaelement.min.css]
[baskinrobbinsoc.com/wp-content/plugins/foogallery/extensions/default-templates/shared/css/foogallery.min65c3.css]
[baskinrobbinsoc.com/wp-content/plugins/nimble-builder/assets/front/css/sek-base-light.minb186.css]
[baskinrobbinsoc.com/wp-content/plugins/photo-gallery/css/bwg-fonts/fonts622c.css]
[baskinrobbinsoc.com/wp-content/plugins/photo-gallery/css/sumoselect.min9bf7.css]
[baskinrobbinsoc.com/wp-content/plugins/photo-gallery/css/jquery.mCustomScrollbar.minc6bd.css]
[baskinrobbinsoc.com/wp-content/plugins/photo-gallery/css/styles.minb594.css]
[baskinrobbinsoc.com/wp-content/plugins/ultimate-social-media-icons/css/sfsi-style76ed.css]
[baskinrobbinsoc.com/wp-content/themes/customizr/assets/shared/fonts/fa/css/fontawesome-all.minfbb2.css]
[baskinrobbinsoc.com/wp-content/themes/customizr/inc/assets/css/tc_common.minfbb2.css]
[baskinrobbinsoc.com/wp-content/themes/customizr/inc/assets/css/black.minfbb2.css]
[baskinrobbinsoc.com/wp-content/themes/customizr/stylefbb2.css]
[baskinrobbinsoc.com/wp-content/themes/customizr/assets/front/js/libs/fancybox/jquery.fancybox-1.3.4.min8846.css]
[c0.wp.com/c/6.8/wp-includes/js/jquery/jquery.min.js]
[c0.wp.com/c/6.8/wp-includes/js/jquery/jquery-migrate.min.js]
[baskinrobbinsoc.com/wp-content/plugins/photo-gallery/booster/assets/js/circle-progress8d1e.js]
[baskinrobbinsoc.com/wp-content/plugins/photo-gallery/booster/assets/js/global8a54.js]
[baskinrobbinsoc.com/wp-content/plugins/photo-gallery/js/jquery.sumoselect.min9bf7.js]
[baskinrobbinsoc.com/wp-content/plugins/photo-gallery/js/tocca.minffdc.js]
[baskinrobbinsoc.com/wp-content/plugins/photo-gallery/js/jquery.mCustomScrollbar.concat.minc6bd.js]
[baskinrobbinsoc.com/wp-content/plugins/photo-gallery/js/jquery.fullscreen.mina307.js]
[baskinrobbinsoc.com/wp-content/plugins/photo-gallery/js/scripts.minb594.js]
[baskinrobbinsoc.com/wp-content/themes/customizr/assets/front/js/libs/fancybox/jquery.fancybox-1.3.4.minfbb2.js]
[c0.wp.com/c/6.8/wp-includes/js/underscore.min.js]
[baskinrobbinsoc.com/wp-content/themes/customizr/inc/assets/js/tc-scripts.minfbb2.js]
[baskinrobbinsoc.com/wp-json/wp/v2/pages/30.json]
[baskinrobbinsoc.com/wp-json/index.html]
[baskinrobbinsoc.com/wp-json/oembed/1.0/embede367.json]
[baskinrobbinsoc.com/wp-json/oembed/1.0/embed54a1]
[chimpstatic.com/mcjs-connected/js/users/6517dfe6ab1b4757bbb852733/321030c794540b17aa28d5494.js]
[i0.wp.com/baskinrobbinsoc.com/wp-content/uploads/2023/01/cropped-BROCROUNDe43b.jpg]
[i0.wp.com/baskinrobbinsoc.com/wp-content/uploads/2023/01/cropped-BROCROUND98d8.jpg]
[i0.wp.com/baskinrobbinsoc.com/wp-content/uploads/2023/01/cropped-BROCROUNDf9b5.jpg]
[i0.wp.com/baskinrobbinsoc.com/wp-content/uploads/2023/01/broc_logo20238c48.jpg]
[i0.wp.com/baskinrobbinsoc.com/wp-content/uploads/2016/04/birthday_tradition8155.jpg]
[i0.wp.com/baskinrobbinsoc.com/wp-content/uploads/2016/04/thinker_flavor28155.jpg]
[i0.wp.com/baskinrobbinsoc.com/wp-content/uploads/2016/04/BR_banana_andSundaes8155.jpg]
[baskinrobbinsoc.com/catering/index.html]
[i0.wp.com/baskinrobbinsoc.com/wp-content/uploads/2016/05/400-graduation-20166133.jpg]
[baskinrobbinsoc.com/catering/ice-cream-catering-anaheim-ca/index.html]
[i0.wp.com/baskinrobbinsoc.com/wp-content/uploads/2016/04/summer_refreshment8155.jpg]
[baskinrobbinsoc.com/catering/ice-cream-catering-costa-mesa-ca/index.html]
[i0.wp.com/baskinrobbinsoc.com/wp-content/uploads/2016/04/icon_OnLineOrderd6f2.gif]
[baskinrobbinsoc.com/catering/ice-cream-catering-fountain-valley-ca/index.html]
[baskinrobbinsoc.com/catering/ice-cream-catering-in-irvine-ca/index.html]
[baskinrobbinsoc.com/wp-content/uploads/2016/04/Img_9562.png]
[baskinrobbinsoc.com/wp-content/uploads/2016/04/Img_9565.png]
[baskinrobbinsoc.com/catering/ice-cream-catering-monterey-park-ca/index.html]
[baskinrobbinsoc.com/catering/ice-cream-catering-newport-beach-ca/index.html]
[baskinrobbinsoc.com/wp-content/uploads/2016/04/Img_9567.png]
[baskinrobbinsoc.com/catering/ice-cream-catering-orange-ca/index.html]
[baskinrobbinsoc.com/wp-content/uploads/2016/04/Img_9557.png]
[baskinrobbinsoc.com/catering/ice-cream-catering-santa-ana-ca/index.html]
[baskinrobbinsoc.com/catering/ice-cream-catering-tustin-ca/index.html]
[baskinrobbinsoc.com/wp-content/uploads/2016/04/Img_9556.png]
[i0.wp.com/baskinrobbinsoc.com/wp-content/uploads/2016/05/facebook-button769c.png]
[baskinrobbinsoc.com/catering/ice-cream-catering-yorba-linda-ca/index.html]
[connect.facebook.net/en_US/sdk.js]
[baskinrobbinsoc.com/cakes/index.html]
[baskinrobbinsoc.com/wp-content/plugins/ultimate-social-media-icons/images/icons_theme/cute/cute_facebook.png]
[baskinrobbinsoc.com/ice-cream/index.html]
[baskinrobbinsoc.com/coupons/index.html]
[baskinrobbinsoc.com/order-online/index.html]
[baskinrobbinsoc.com/wp-content/plugins/ultimate-social-media-icons/images/icons_theme/cute/cute_twitter.png]
[baskinrobbinsoc.com/contact-us/index.html]
[baskinrobbinsoc.com/wp-content/plugins/ultimate-social-media-icons/images/icons_theme/cute/cute_pinterest.png]
[baskinrobbinsoc.com/wp-content/plugins/ultimate-social-media-icons/images/icons_theme/cute/cute_linkedin.png]
[baskinrobbinsoc.com/wp-content/plugins/ultimate-social-media-icons/images/icons_theme/cute/cute_instagram.png]
[c0.wp.com/c/6.8/wp-includes/js/jquery/ui/core.min.js]
[baskinrobbinsoc.com/wp-content/plugins/ultimate-social-media-icons/js/shuffle/modernizr.custom.min8846.js]
[baskinrobbinsoc.com/wp-content/plugins/ultimate-social-media-icons/js/shuffle/jquery.shuffle.min8846.js]
[baskinrobbinsoc.com/wp-content/plugins/ultimate-social-media-icons/js/shuffle/random-shuffle-min8846.js]
[baskinrobbinsoc.com/wp-content/plugins/ultimate-social-media-icons/js/custom76ed.js]
[c0.wp.com/c/6.8/wp-includes/js/comment-reply.min.js]
[baskinrobbinsoc.com/wp-content/themes/customizr/assets/front/js/libs/modernizr.minfbb2.js]
[baskinrobbinsoc.com/wp-content/themes/customizr/assets/front/js/libs/retina.minfbb2.js]
[stats.wp.com/e-202517.js]
[baskinrobbinsoc.com/wp-content/plugins/foogallery/extensions/default-templates/shared/js/foogallery.min65c3.js]
[baskinrobbinsoc.com/index.html]
[baskinrobbinsoc.com/xmlrpc.html]
[baskinrobbinsoc.com/wp-content/plugins/mailchimp-for-wp/assets/js/formsad2c.js]
[baskinrobbinsoc.com/wp-content/plugins/photo-gallery/booster/assets/css/global8a54.css]
[c0.wp.com/c/6.8/wp-includes/css/dist/block-library/style.min.css]
[c0.wp.com/c/6.8/wp-includes/js/mediaelement/mejs-controls.svg]
[c0.wp.com/c/6.8/wp-includes/js/mediaelement/mediaelementplayer-legacy.min.css]
[c0.wp.com/c/6.8/wp-includes/js/mediaelement/wp-mediaelement.min.css]
[baskinrobbinsoc.com/wp-content/plugins/foogallery/extensions/default-templates/shared/css/foogallery.min65c3.css]
[baskinrobbinsoc.com/wp-content/plugins/nimble-builder/assets/front/css/sek-base-light.minb186.css]
[baskinrobbinsoc.com/wp-content/plugins/photo-gallery/css/bwg-fonts/fonts/bwg8f95.eot]
[baskinrobbinsoc.com/wp-content/plugins/photo-gallery/css/bwg-fonts/fonts/bwg8f95.ttf]
[baskinrobbinsoc.com/wp-content/plugins/photo-gallery/css/bwg-fonts/fonts/bwg8f95.woff]
[baskinrobbinsoc.com/wp-content/plugins/photo-gallery/css/bwg-fonts/fonts622c.css]
[baskinrobbinsoc.com/wp-content/plugins/photo-gallery/css/sumoselect.min9bf7.css]
[baskinrobbinsoc.com/wp-content/plugins/photo-gallery/css/jquery.mCustomScrollbar.minc6bd.css]
[baskinrobbinsoc.com/wp-content/plugins/photo-gallery/images/ajax_loader.png]
[baskinrobbinsoc.com/wp-content/plugins/photo-gallery/images/blank.gif]
[baskinrobbinsoc.com/wp-content/plugins/photo-gallery/images/captcha_refresh.png]
[baskinrobbinsoc.com/wp-content/plugins/photo-gallery/css/styles.minb594.css]
[baskinrobbinsoc.com/wp-content/plugins/ultimate-social-media-icons/css/fonts/helvetica_bold_0-webfont.eot]
[baskinrobbinsoc.com/wp-content/plugins/ultimate-social-media-icons/css/fonts/helvetica_bold_0-webfontd41d.eot]
[baskinrobbinsoc.com/wp-content/plugins/ultimate-social-media-icons/css/fonts/helvetica_bold_0-webfont.woff]
[baskinrobbinsoc.com/wp-content/plugins/ultimate-social-media-icons/css/fonts/helvetica_bold_0-webfont.ttf]
[baskinrobbinsoc.com/wp-content/plugins/ultimate-social-media-icons/css/fonts/helvetica_0-webfont.eot]
[baskinrobbinsoc.com/wp-content/plugins/ultimate-social-media-icons/css/fonts/helvetica_0-webfontd41d.eot]
[baskinrobbinsoc.com/wp-content/plugins/ultimate-social-media-icons/css/fonts/helvetica_0-webfont.woff]
[baskinrobbinsoc.com/wp-content/plugins/ultimate-social-media-icons/css/fonts/helvetica_0-webfont.ttf]
[baskinrobbinsoc.com/wp-content/plugins/ultimate-social-media-icons/css/fonts/helveticaneue-light.eot]
[baskinrobbinsoc.com/wp-content/plugins/ultimate-social-media-icons/css/fonts/helveticaneue-lightd41d.eot]
[baskinrobbinsoc.com/wp-content/plugins/ultimate-social-media-icons/css/fonts/helveticaneue-light.woff]
[baskinrobbinsoc.com/wp-content/plugins/ultimate-social-media-icons/css/fonts/helveticaneue-light.ttf]
[baskinrobbinsoc.com/wp-content/plugins/ultimate-social-media-icons/images/count_bg.png]
[baskinrobbinsoc.com/wp-content/plugins/ultimate-social-media-icons/images/check_bg.jpg]
[baskinrobbinsoc.com/wp-content/plugins/ultimate-social-media-icons/images/radio_bg.png]
[baskinrobbinsoc.com/wp-content/plugins/ultimate-social-media-icons/images/select_bg.jpg]
[baskinrobbinsoc.com/wp-content/plugins/ultimate-social-media-icons/images/count_bg.jpg]
[baskinrobbinsoc.com/wp-content/plugins/ultimate-social-media-icons/images/select_bg1.jpg]
[baskinrobbinsoc.com/wp-content/plugins/ultimate-social-media-icons/images/tab_3_list_bg.jpg]
[baskinrobbinsoc.com/wp-content/plugins/ultimate-social-media-icons/images/ajax-loader.gif]
[baskinrobbinsoc.com/wp-content/plugins/ultimate-social-media-icons/images/bot_tip_icn.png]
[baskinrobbinsoc.com/wp-content/plugins/ultimate-social-media-icons/css/images/count_top_arow.png]
[baskinrobbinsoc.com/wp-content/plugins/ultimate-social-media-icons/css/images/count_left_arow.png]
[baskinrobbinsoc.com/wp-content/plugins/ultimate-social-media-icons/css/sfsi-style76ed.css]
[baskinrobbinsoc.com/wp-content/plugins/ultimate-social-media-icons/css/disable_sfsi8846.css]
[baskinrobbinsoc.com/wp-content/themes/customizr/assets/shared/fonts/fa/webfonts/fa-brands-40003a1.eot]
[baskinrobbinsoc.com/wp-content/themes/customizr/assets/shared/fonts/fa/webfonts/fa-brands-400d41d.eot]
[baskinrobbinsoc.com/wp-content/themes/customizr/assets/shared/fonts/fa/webfonts/fa-brands-40003a1.woff2]
[baskinrobbinsoc.com/wp-content/themes/customizr/assets/shared/fonts/fa/webfonts/fa-brands-40003a1.woff]
[baskinrobbinsoc.com/wp-content/themes/customizr/assets/shared/fonts/fa/webfonts/fa-brands-40003a1.ttf]
[baskinrobbinsoc.com/wp-content/themes/customizr/assets/shared/fonts/fa/webfonts/fa-regular-40003a1.eot]
[baskinrobbinsoc.com/wp-content/themes/customizr/assets/shared/fonts/fa/webfonts/fa-regular-400d41d.eot]
[baskinrobbinsoc.com/wp-content/themes/customizr/assets/shared/fonts/fa/webfonts/fa-regular-40003a1.woff2]
[baskinrobbinsoc.com/wp-content/themes/customizr/assets/shared/fonts/fa/webfonts/fa-regular-40003a1.woff]
[baskinrobbinsoc.com/wp-content/themes/customizr/assets/shared/fonts/fa/webfonts/fa-regular-40003a1.ttf]
[baskinrobbinsoc.com/wp-content/themes/customizr/assets/shared/fonts/fa/webfonts/fa-solid-90003a1.eot]
[baskinrobbinsoc.com/wp-content/themes/customizr/assets/shared/fonts/fa/webfonts/fa-solid-900d41d.eot]
[baskinrobbinsoc.com/wp-content/themes/customizr/assets/shared/fonts/fa/webfonts/fa-solid-90003a1.woff2]
[baskinrobbinsoc.com/wp-content/themes/customizr/assets/shared/fonts/fa/webfonts/fa-solid-90003a1.woff]
[baskinrobbinsoc.com/wp-content/themes/customizr/assets/shared/fonts/fa/webfonts/fa-solid-90003a1.ttf]
[baskinrobbinsoc.com/wp-content/themes/customizr/assets/shared/fonts/fa/css/fontawesome-all.minfbb2.css]
[baskinrobbinsoc.com/wp-content/themes/customizr/inc/assets/img/glyphicons-halflings.png]
[baskinrobbinsoc.com/wp-content/themes/customizr/inc/assets/img/glyphicons-halflings-white.png]
[baskinrobbinsoc.com/wp-content/themes/customizr/inc/assets/css/tc_common.minfbb2.css]
[baskinrobbinsoc.com/wp-content/themes/customizr/inc/assets/css/black.minfbb2.css]
[baskinrobbinsoc.com/wp-content/themes/customizr/stylefbb2.css]
[baskinrobbinsoc.com/wp-content/themes/customizr/assets/front/js/libs/fancybox/fancybox.png]
[baskinrobbinsoc.com/wp-content/themes/customizr/assets/front/js/libs/fancybox/blank.gif]
[baskinrobbinsoc.com/wp-content/themes/customizr/assets/front/js/libs/fancybox/fancybox-x.png]
[baskinrobbinsoc.com/wp-content/themes/customizr/assets/front/js/libs/fancybox/fancybox-y.png]
[baskinrobbinsoc.com/wp-content/themes/customizr/assets/front/js/libs/fancybox/fancy_title_over.png]
[baskinrobbinsoc.com/wp-content/themes/customizr/assets/front/js/libs/fancybox/jquery.fancybox-1.3.4.min8846.css]
[baskinrobbinsoc.com/xmlrpc0db0.html]
[baskinrobbinsoc.com/indexcc4d.html]
[baskinrobbinsoc.com/wp-json/wp/v2/pages/13.json]
[baskinrobbinsoc.com/wp-json/oembed/1.0/embeda98e.json]
[baskinrobbinsoc.com/wp-json/oembed/1.0/embedce37]
[baskinrobbinsoc.com/wp-content/uploads/2025/04/2025-Catering-Sheet-4122025.pdf]
[baskinrobbinsoc.com/wp-content/uploads/2024/05/Baskin-Robbins-Flavors-06-24-final.pdf]
[baskinrobbinsoc.com/wp-content/uploads/photo-gallery/thumb/Oreo-Dipped-Polar-Pizza-Slice673d.jpg]
[baskinrobbinsoc.com/wp-content/uploads/photo-gallery/thumb/Fruity-Pebble-White-Choc-Bar673d.jpg]
[baskinrobbinsoc.com/wp-content/uploads/photo-gallery/thumb/Mangonado-Bar673d.jpg]
[baskinrobbinsoc.com/wp-content/plugins/continuous-image-carousel-with-lightbox/css/images-continuous-thumbnail-slider-plus-lighbox-style1c96.css]
[baskinrobbinsoc.com/wp-content/plugins/continuous-image-carousel-with-lightbox/css/continuous-l-box-css1c96.css]
[baskinrobbinsoc.com/wp-content/plugins/continuous-image-carousel-with-lightbox/js/images-continuous-thumbnail-slider-plus-lightbox-jc7daa.js]
[baskinrobbinsoc.com/catering/index.html]
[baskinrobbinsoc.com/wp-content/plugins/continuous-image-carousel-with-lightbox/js/continuous-l-box-js0718.js]
[baskinrobbinsoc.com/wp-json/wp/v2/pages/241.json]
[baskinrobbinsoc.com/wp-json/oembed/1.0/embed244d.json]
[baskinrobbinsoc.com/wp-json/oembed/1.0/embed46f4]
[baskinrobbinsoc.com/catering/ice-cream-catering-anaheim-ca/index.html]
[baskinrobbinsoc.com/wp-json/wp/v2/pages/237.json]
[baskinrobbinsoc.com/wp-json/oembed/1.0/embed6e16.json]
[baskinrobbinsoc.com/wp-json/oembed/1.0/embed7845]
[baskinrobbinsoc.com/catering/ice-cream-catering-costa-mesa-ca/index.html]
[baskinrobbinsoc.com/wp-json/wp/v2/pages/228.json]
[baskinrobbinsoc.com/wp-json/oembed/1.0/embed7348.json]
[baskinrobbinsoc.com/wp-json/oembed/1.0/embed627b]
[baskinrobbinsoc.com/catering/ice-cream-catering-fountain-valley-ca/index.html]
[baskinrobbinsoc.com/wp-json/wp/v2/pages/220.json]
[baskinrobbinsoc.com/wp-json/oembed/1.0/embed5180.json]
[baskinrobbinsoc.com/wp-json/oembed/1.0/embede7b4]
[baskinrobbinsoc.com/catering/ice-cream-catering-in-irvine-ca/index.html]
[baskinrobbinsoc.com/wp-json/wp/v2/pages/138.json]
[baskinrobbinsoc.com/wp-json/oembed/1.0/embed0f46.json]
[baskinrobbinsoc.com/wp-json/oembed/1.0/embed1924]
[baskinrobbinsoc.com/catering/ice-cream-catering-monterey-park-ca/index.html]
[baskinrobbinsoc.com/wp-json/wp/v2/pages/226.json]
[baskinrobbinsoc.com/wp-json/oembed/1.0/embedbee9.json]
[baskinrobbinsoc.com/wp-json/oembed/1.0/embed0f30]
[baskinrobbinsoc.com/catering/ice-cream-catering-newport-beach-ca/index.html]
[baskinrobbinsoc.com/wp-json/wp/v2/pages/230.json]
[baskinrobbinsoc.com/wp-json/oembed/1.0/embed9ffb.json]
[baskinrobbinsoc.com/wp-json/oembed/1.0/embed530e]
[baskinrobbinsoc.com/catering/ice-cream-catering-orange-ca/index.html]
[baskinrobbinsoc.com/wp-json/wp/v2/pages/135.json]
[baskinrobbinsoc.com/wp-json/oembed/1.0/embed1da4.json]
[baskinrobbinsoc.com/wp-json/oembed/1.0/embed0754]
[baskinrobbinsoc.com/catering/ice-cream-catering-santa-ana-ca/index.html]
[baskinrobbinsoc.com/wp-json/wp/v2/pages/133.json]
[baskinrobbinsoc.com/wp-json/oembed/1.0/embed0f16.json]
[baskinrobbinsoc.com/wp-json/oembed/1.0/embedc90d]
[baskinrobbinsoc.com/catering/ice-cream-catering-tustin-ca/index.html]
[baskinrobbinsoc.com/wp-json/wp/v2/pages/243.json]
[baskinrobbinsoc.com/wp-json/oembed/1.0/embed276a.json]
[baskinrobbinsoc.com/wp-json/oembed/1.0/embed5302]
[baskinrobbinsoc.com/catering/ice-cream-catering-yorba-linda-ca/index.html]
[baskinrobbinsoc.com/wp-json/wp/v2/pages/10.json]
[baskinrobbinsoc.com/wp-json/oembed/1.0/embed7e24.json]
[baskinrobbinsoc.com/wp-json/oembed/1.0/embed2391]
[baskinrobbinsoc.com/cakes/index.html]
[baskinrobbinsoc.com/wp-json/wp/v2/pages/2.json]
[baskinrobbinsoc.com/wp-json/oembed/1.0/embed2927.json]
[baskinrobbinsoc.com/wp-json/oembed/1.0/embedcaf5]
[baskinrobbinsoc.com/wp-content/uploads/photo-gallery/thumb/Choc-Shake4621.png]
[baskinrobbinsoc.com/wp-content/uploads/photo-gallery/thumb/cups-and-cones4621.jpg]
[baskinrobbinsoc.com/wp-content/uploads/photo-gallery/thumb/aff88054-866e-4c2f-aef6-6dfe66a545644621.png]
[baskinrobbinsoc.com/wp-content/uploads/photo-gallery/imported_from_media_libray/thumb/take-home-2fb7a.png]
[baskinrobbinsoc.com/wp-content/uploads/photo-gallery/thumb/364ee687-33ee-4e2d-9869-2e4d45eb99284621.png]
[baskinrobbinsoc.com/wp-content/uploads/photo-gallery/thumb/Capucino-Blast4621.png]
[baskinrobbinsoc.com/wp-content/uploads/photo-gallery/thumb/Capucino-Smoothis4621.png]
[baskinrobbinsoc.com/wp-content/uploads/photo-gallery/thumb/f28b2d84-f548-4f45-9404-6669676925a64621.png]
[baskinrobbinsoc.com/wp-content/uploads/photo-gallery/thumb/Berry-Smothie4621.png]
[baskinrobbinsoc.com/wp-content/uploads/photo-gallery/thumb/ecd18592-9103-4a2a-8064-d9e1c7e34bc04621.png]
[baskinrobbinsoc.com/wp-content/uploads/photo-gallery/thumb/IMG_3543-14621.jpg]
[baskinrobbinsoc.com/wp-content/uploads/photo-gallery/thumb/4e51add3-7f05-46f0-af5b-02b43541986a4621.png]
[baskinrobbinsoc.com/wp-content/uploads/photo-gallery/imported_from_media_libray/thumb/take-homefb7a.png]
[baskinrobbinsoc.com/ice-cream/index.html]
[baskinrobbinsoc.com/wp-json/wp/v2/pages/41.json]
[baskinrobbinsoc.com/wp-json/oembed/1.0/embed0b4a.json]
[baskinrobbinsoc.com/wp-json/oembed/1.0/embedb545]
[baskinrobbinsoc.com/coupons/index.html]
[baskinrobbinsoc.com/wp-json/wp/v2/pages/68.json]
[baskinrobbinsoc.com/wp-json/oembed/1.0/embed4e79.json]
[baskinrobbinsoc.com/wp-json/oembed/1.0/embed2996]
[baskinrobbinsoc.com/order-online/index.html]
[baskinrobbinsoc.com/wp-json/wp/v2/pages/101.json]
[baskinrobbinsoc.com/wp-json/oembed/1.0/embedaee2.json]
[baskinrobbinsoc.com/wp-json/oembed/1.0/embedca0b]
[baskinrobbinsoc.com/contact-us/index.html]
[baskinrobbinsoc.com/catering/ice-cream-catering-huntington-beach-ca/index.html]
[baskinrobbinsoc.com/ice-cream-catering-tustin-ca/index.html]
[baskinrobbinsoc.com/ice-cream-catering-santa-ana-ca/index.html]
[baskinrobbinsoc.com/ice-cream-catering-Costa-Mesa-ca/index.html]
[baskinrobbinsoc.com/ice-cream-catering-monterey-park-ca/index.html]
[connect.facebook.net/en_US/sdk.js]
[baskinrobbinsoc.com/wp-content/plugins/ultimate-social-media-icons/images/share_icons/fb_icons/en_US.svg]
[baskinrobbinsoc.com/wp-content/plugins/ultimate-social-media-icons/images/share_icons/Twitter_Tweet/en_US_Tweet.svg]
[baskinrobbinsoc.com/wp-content/plugins/ultimate-social-media-icons/images/share_icons/Linkedin_Share/en_US_share.svg]
[baskinrobbinsoc.com/wp-content/plugins/photo-gallery/booster/assets/images/optimize.svg]
[baskinrobbinsoc.com/wp-content/plugins/photo-gallery/booster/assets/images/red-info.svg]
[baskinrobbinsoc.com/wp-content/plugins/photo-gallery/booster/assets/images/loader_green.svg]
[baskinrobbinsoc.com/wp-content/plugins/photo-gallery/booster/assets/images/logo_dark.svg]
[baskinrobbinsoc.com/wp-content/plugins/photo-gallery/booster/assets/images/pg.svg]
[baskinrobbinsoc.com/wp-content/plugins/photo-gallery/booster/assets/images/fm.svg]
[baskinrobbinsoc.com/wp-content/plugins/photo-gallery/booster/assets/images/closed_eye.svg]
[baskinrobbinsoc.com/wp-content/plugins/photo-gallery/booster/assets/images/not_optimized.svg]
[baskinrobbinsoc.com/wp-content/plugins/photo-gallery/booster/assets/images/check_score.svg]
[baskinrobbinsoc.com/wp-content/plugins/photo-gallery/booster/assets/images/loader.svg]
[baskinrobbinsoc.com/wp-content/plugins/photo-gallery/booster/assets/images/reload.svg]
[baskinrobbinsoc.com/wp-content/plugins/photo-gallery/booster/assets/images/green-info.svg]
[baskinrobbinsoc.com/wp-content/plugins/photo-gallery/booster/assets/images/up_arrow_nav.svg]
[baskinrobbinsoc.com/wp-content/plugins/photo-gallery/booster/assets/images/down_arrow_nav.svg]
[c0.wp.com/c/6.8/wp-includes/js/mediaelement/mejs-controls.svg]
[baskinrobbinsoc.com/wp-content/plugins/foogallery/extensions/default-templates/shared/img/icons.svg]
[baskinrobbinsoc.com/wp-content/plugins/photo-gallery/css/bwg-fonts/fonts/bwg8f95.svg]
[baskinrobbinsoc.com/wp-content/plugins/ultimate-social-media-icons/css/fonts/helvetica_bold_0-webfont.svg]
[baskinrobbinsoc.com/wp-content/plugins/ultimate-social-media-icons/css/fonts/helvetica_0-webfont.svg]
[baskinrobbinsoc.com/wp-content/plugins/ultimate-social-media-icons/css/fonts/helveticaneue-light.svg]
[baskinrobbinsoc.com/wp-content/themes/customizr/assets/shared/fonts/fa/webfonts/fa-brands-40003a1.svg]
[baskinrobbinsoc.com/wp-content/themes/customizr/assets/shared/fonts/fa/webfonts/fa-regular-40003a1.svg]
[baskinrobbinsoc.com/wp-content/themes/customizr/assets/shared/fonts/fa/webfonts/fa-solid-90003a1.svg]
[baskinrobbinsoc.com/wp-content/plugins/continuous-image-carousel-with-lightbox/images/bx_loader.gif]
[baskinrobbinsoc.com/wp-content/plugins/continuous-image-carousel-with-lightbox/images/controls.png]
[baskinrobbinsoc.com/wp-content/plugins/continuous-image-carousel-with-lightbox/css/images-continuous-thumbnail-slider-plus-lighbox-style1c96.css]
[baskinrobbinsoc.com/wp-content/plugins/continuous-image-carousel-with-lightbox/images/vl-box/controls.png]
[baskinrobbinsoc.com/wp-content/plugins/continuous-image-carousel-with-lightbox/images/vl-box/loading.gif]
[baskinrobbinsoc.com/wp-content/plugins/continuous-image-carousel-with-lightbox/images/vl-box/player_play.png]
[baskinrobbinsoc.com/wp-content/plugins/continuous-image-carousel-with-lightbox/css/continuous-l-box-css1c96.css]
